%%% INTEGER-RECOVERED CLOCK DAY-BOUNDARY DISCONTINUITY ANALYSIS FILE
%%% Executor:                     algirc
%%% Execute Time:                 2026-08-06 16:44:14
%%% Working Directory:            /home/wyy/code/PRIDE-DBAlign/example/wum0rap/2026
%%% Input:                        /home/wyy/code/PRIDE-DBAlign/example/wum0rap/2026/config_pdba_2026002
%%% SP3 Files:                    WUM0MGXRAP_20260010000_01D_05M_ORB.SP3 WUM0MGXRAP_20260020000_01D_05M_ORB.SP3
%%% CLK Files:                    WUM0MGXRAP_20260010000_01D_30S_CLK.CLK WUM0MGXRAP_20260020000_01D_30S_CLK.CLK
%%% OSB Files:                    WUM0MGXRAP_20260010000_01D_01D_OSB.BIA WUM0MGXRAP_20260020000_01D_01D_OSB.BIA

1. RESULTS OF RADIAL ORBIT CORRECTION AND CLOCK
---------+---------+-------------------+-------------------+------------------
 PRN FRQ | A MJDAY |   RADORB    CLOCK |   RADORB    CLOCK |  CLK_RMS CLK_CORR
         |         |     (mm)     (mm) |     (ps)     (ps) |     (ps)     (ps)
---------+---------+-------------------+-------------------+------------------
 G01   0 |   61042 |      -29 -1059251 |      -97 -3533280 |        0  3533027
 G02   0 |   61042 |      -38 -1059232 |     -127 -3533217 |        0  3533027
 G03   0 |   61042 |      -25 -1059213 |      -83 -3533155 |        0  3533027
 G04   0 |   61042 |       -6 -1059167 |      -19 -3532999 |        0  3533027
 G05   0 |   61042 |      -34 -1059197 |     -112 -3533099 |        0  3533027
 G07   0 |   61042 |       29 -1059161 |       98 -3532980 |        0  3533027
 G08   0 |   61042 |        0 -1059194 |       -1 -3533092 |        0  3533027
 G09   0 |   61042 |       12 -1059155 |       40 -3532962 |        0  3533027
 G10   0 |   61042 |        7 -1059154 |       25 -3532957 |        0  3533027
 G11   0 |   61042 |      -19 -1059164 |      -62 -3532992 |        0  3533027
 G12   0 |   61042 |      -12 -1059181 |      -41 -3533048 |        0  3533027
 G13   0 |   61042 |      -15 -1059182 |      -50 -3533052 |        0  3533027
 G14   0 |   61042 |       -9 -1059174 |      -30 -3533023 |        0  3533027
 G15   0 |   61042 |      -15 -1059158 |      -49 -3532972 |        0  3533027
 G16   0 |   61042 |        3 -1059171 |        9 -3533014 |        0  3533027
 G17   0 |   61042 |        5 -1059204 |       17 -3533124 |        0  3533027
 G18   0 |   61042 |       -2 -1059142 |       -6 -3532917 |        0  3533027
 G19   0 |   61042 |      -21 -1059212 |      -70 -3533152 |        0  3533027
 G20   0 |   61042 |      -16 -1059181 |      -53 -3533048 |        0  3533027
 G21   0 |   61042 |       12 -1059148 |       40 -3532936 |        0  3533027
 G22   0 |   61042 |       -6 -1059209 |      -22 -3533142 |        0  3533027
 G23   0 |   61042 |       12 -1059111 |       38 -3532813 |        0  3533027
 G24   0 |   61042 |       31 -1059127 |      104 -3532869 |        0  3533027
 G25   0 |   61042 |        2 -1059184 |        7 -3533057 |        0  3533027
 G26   0 |   61042 |        2 -1059186 |        7 -3533063 |        0  3533027
 G27   0 |   61042 |        7 -1059198 |       25 -3533105 |        0  3533027
 G28   0 |   61042 |        0 -1059150 |       -1 -3532945 |        0  3533027
 G29   0 |   61042 |       -9 -1059179 |      -30 -3533041 |        0  3533027
 G30   0 |   61042 |       19 -1059183 |       64 -3533055 |        0  3533027
 G31   0 |   61042 |        8 -1059220 |       25 -3533177 |        0  3533027
 G32   0 |   61042 |       -9 -1059144 |      -31 -3532924 |        0  3533027
 E02   0 |   61042 |      -21 -1059060 |      -70 -3532645 |        0  3532674
 E03   0 |   61042 |      -31 -1059078 |     -103 -3532704 |        0  3532674
 E04   0 |   61042 |      -28 -1059096 |      -95 -3532763 |        0  3532674
 E05   0 |   61042 |       46 -1058994 |      154 -3532422 |        0  3532674
 E06   0 |   61042 |       -4 -1059087 |      -13 -3532732 |        0  3532674
 E07   0 |   61042 |       13 -1059064 |       43 -3532658 |        0  3532674
 E08   0 |   61042 |        3 -1059055 |        9 -3532628 |        0  3532674
 E09   0 |   61042 |        5 -1059050 |       18 -3532612 |        0  3532674
 E10   0 |   61042 |      -25 -1059090 |      -85 -3532744 |        0  3532674
 E11   0 |   61042 |        1 -1059090 |        5 -3532744 |        0  3532674
 E12   0 |   61042 |       -3 -1059061 |      -10 -3532646 |        0  3532674
 E13   0 |   61042 |      -34 -1059105 |     -115 -3532794 |        0  3532674
 E15   0 |   61042 |      -20 -1059075 |      -68 -3532694 |        0  3532674
 E19   0 |   61042 |       23 -1059033 |       75 -3532554 |        0  3532674
 E21   0 |   61042 |       14 -1059094 |       48 -3532758 |        0  3532674
 E23   0 |   61042 |       -3 -1059106 |      -11 -3532797 |        0  3532674
 E25   0 |   61042 |      -11 -1059060 |      -35 -3532644 |        0  3532674
 E26   0 |   61042 |        6 -1059102 |       21 -3532785 |        0  3532674
 E27   0 |   61042 |        9 -1059074 |       29 -3532691 |        0  3532674
 E29   0 |   61042 |        3 -1059087 |       11 -3532735 |        0  3532674
 E30   0 |   61042 |       -4 -1059033 |      -12 -3532554 |        0  3532674
 E31   0 |   61042 |       -7 -1059089 |      -25 -3532739 |        0  3532674
 E33   0 |   61042 |       -3 -1059100 |      -11 -3532776 |        0  3532674
 E34   0 |   61042 |       -8 -1059063 |      -26 -3532653 |        0  3532674
 E36   0 |   61042 |        2 -1059060 |        6 -3532643 |        0  3532674
 C06   0 |   61042 |     -142 -1067895 |     -474 -3562115 |        0  3561847
 C07   0 |   61042 |       27 -1067915 |       89 -3562180 |        0  3561847
 C08   0 |   61042 |      -47 -1067850 |     -157 -3561965 |        0  3561847
 C09   0 |   61042 |       31 -1067803 |      104 -3561808 |        0  3561847
 C10   0 |   61042 |       16 -1067838 |       52 -3561926 |        0  3561847
 C11   0 | * 61042 |      -22 -1067947 |      -73 -3562286 |        0  3561847
 C12   0 | * 61042 |      -36 -1067984 |     -120 -3562412 |        0  3561847
 C13   0 |   61042 |      -56 -1067789 |     -187 -3561760 |        0  3561847
 C14   0 | * 61042 |        1 -1067797 |        5 -3561788 |        0  3561847
 C16   0 |   61042 |      -73 -1067859 |     -245 -3561993 |        0  3561847
 C19   0 |   61042 |      -66 -1064592 |     -219 -3551096 |        0  3551012
 C20   0 |   61042 |      -14 -1064512 |      -47 -3550830 |        0  3551012
 C21   0 |   61042 |       24 -1064560 |       81 -3550990 |        0  3551012
 C22   0 |   61042 |       53 -1064506 |      175 -3550811 |        0  3551012
 C23   0 |   61042 |      -18 -1064438 |      -59 -3550583 |        0  3551012
 C24   0 |   61042 |      -22 -1064540 |      -73 -3550923 |        0  3551012
 C25   0 |   61042 |        8 -1064430 |       27 -3550555 |        0  3551012
 C26   0 |   61042 |      -12 -1064637 |      -39 -3551246 |        0  3551012
 C27   0 |   61042 |      -35 -1064676 |     -116 -3551378 |        0  3551012
 C28   0 |   61042 |        3 -1064604 |        9 -3551137 |        0  3551012
 C29   0 |   61042 |      -33 -1064651 |     -111 -3551292 |        0  3551012
 C30   0 |   61042 |        5 -1064608 |       15 -3551148 |        0  3551012
 C32   0 |   61042 |       28 -1064479 |       92 -3550721 |        0  3551012
 C33   0 |   61042 |        2 -1064541 |        6 -3550928 |        0  3551012
 C34   0 |   61042 |       29 -1064616 |       97 -3551176 |        0  3551012
 C35   0 |   61042 |       -7 -1064587 |      -22 -3551079 |        0  3551012
 C36   0 |   61042 |      -11 -1064550 |      -36 -3550955 |        0  3551012
 C37   0 |   61042 |      -36 -1064573 |     -119 -3551033 |        0  3551012
 C38   0 |   61042 |       83 -1064433 |      277 -3550568 |        0  3551012
 C39   0 |   61042 |      -32 -1064532 |     -108 -3550896 |        0  3551012
 C40   0 |   61042 |       46 -1064548 |      152 -3550951 |        0  3551012
 C41   0 |   61042 |      -65 -1064490 |     -216 -3550757 |        0  3551012
 C42   0 |   61042 |       45 -1064587 |      150 -3551079 |        0  3551012
 C43   0 |   61042 |       -3 -1064680 |      -11 -3551390 |        0  3551012
 C44   0 |   61042 |       20 -1064553 |       67 -3550965 |        0  3551012
 C45   0 |   61042 |      -16 -1064712 |      -54 -3551497 |        0  3551012
 C47   0 |   61042 |        1 -1064560 |        4 -3550989 |        0  3551012
 C48   0 |   61042 |      -21 -1064626 |      -69 -3551210 |        0  3551012
 C49   0 |   61042 |       31 -1064599 |      105 -3551120 |        0  3551012
 C50   0 |   61042 |       30 -1064564 |      100 -3551002 |        0  3551012
---------+---------+-------------------+-------------------+------------------

2. RESULTS OF DUAL-FREQUENCY GEOMETRY-FREE BIAS ALIGNMENT
---------+---------+-------------------+-------------------+----------+------------------
 PRN FRQ | A MJDAY |   PH_GFB   CD_GFB |  CD_CORR  CD_RESI |   WL_UPD |  WL_CORR  WL_RESI
         |         |     (ps)     (ps) |     (ps)     (ps) |    (mcy) |    (mcy)    (mcy)
---------+---------+-------------------+-------------------+----------+------------------
 G01   0 |   61042 |       54       17 |        0       17 |      178 |     -181       -3
 G02   0 |   61042 |      -65       93 |        0       93 |      179 |     -181       -2
 G03   0 |   61042 |      111      -95 |        0      -95 |     -822 |      819       -3
 G04   0 |   61042 |      -26        0 |        0        0 |      182 |     -181        1
 G05   0 |   61042 |       23      -43 |        0      -43 |     -821 |      819       -2
 G07   0 |   61042 |       34      -23 |        0      -23 |      172 |     -181       -9
 G08   0 |   61042 |      -46       84 |        0       84 |      187 |     -181        6
 G09   0 |   61042 |        3      -23 |        0      -23 |      181 |     -181       -1
 G10   0 |   61042 |     -213      186 |        0      186 |      178 |     -181       -3
 G11   0 |   61042 |     -106       64 |        0       64 |      183 |     -181        1
 G12   0 |   61042 |      -33       27 |        0       27 |      184 |     -181        3
 G13   0 |   61042 |       31      -45 |        0      -45 |      178 |     -181       -3
 G14   0 |   61042 |       47      -69 |        0      -69 |      179 |     -181       -2
 G15   0 |   61042 |       56     -100 |        0     -100 |     -817 |      819        2
 G16   0 |   61042 |      -64       66 |        0       66 |      185 |     -181        3
 G17   0 |   61042 |      134      -87 |        0      -87 |      176 |     -181       -5
 G18   0 |   61042 |     -126       65 |        0       65 |      182 |     -181        0
 G19   0 |   61042 |      121      -99 |        0      -99 |      177 |     -181       -4
 G20   0 |   61042 |       69      -81 |        0      -81 |     -820 |      819       -1
 G21   0 |   61042 |       63      -83 |        0      -83 |     -818 |      819        1
 G22   0 |   61042 |      133      -84 |        0      -84 |     1184 |    -1181        2
 G23   0 |   61042 |     -228      141 |        0      141 |      182 |     -181        1
 G24   0 |   61042 |      -49       25 |        0       25 |      180 |     -181       -1
 G25   0 |   61042 |       -6       32 |        0       32 |      183 |     -181        2
 G26   0 |   61042 |        4       22 |        0       22 |      187 |     -181        5
 G27   0 |   61042 |      -46      111 |        0      111 |     -809 |      819        9
 G28   0 |   61042 |       26      -60 |        0      -60 |      187 |     -181        6
 G29   0 |   61042 |       37      -44 |        0      -44 |      179 |     -181       -2
 G30   0 |   61042 |      168     -122 |        0     -122 |      182 |     -181        1
 G31   0 |   61042 |       94      -14 |        0      -14 |      177 |     -181       -4
 G32   0 |   61042 |     -244      182 |        0      182 |     -816 |      819        3
 E02   0 |   61042 |      181     -247 |        0     -247 |      -34 |       27       -6
 E03   0 |   61042 |     -133       83 |        0       83 |      -33 |       27       -6
 E04   0 |   61042 |      -69       67 |        0       67 |      -24 |       27        3
 E05   0 |   61042 |      150     -219 |        0     -219 |      -34 |       27       -6
 E06   0 |   61042 |      147     -135 |        0     -135 |      -33 |       27       -5
 E07   0 |   61042 |      148     -118 |        0     -118 |      -20 |       27        7
 E08   0 |   61042 |     -114      103 |        0      103 |      979 |     -973        6
 E09   0 |   61042 |      202     -226 |        0     -226 |    -1025 |     1027        3
 E10   0 |   61042 |      290     -312 |        0     -312 |      -35 |       27       -8
 E11   0 |   61042 |      257     -199 |        0     -199 |      981 |     -973        9
 E12   0 |   61042 |       82      -99 |        0      -99 |      -24 |       27        4
 E13   0 |   61042 |      130     -128 |        0     -128 |      -30 |       27       -3
 E15   0 |   61042 |     -258      220 |        0      220 |      -39 |       27      -12
 E19   0 |   61042 |     -369      353 |        0      353 |      981 |     -973        8
 E21   0 |   61042 |       51       24 |        0       24 |      -29 |       27       -2
 E23   0 |   61042 |     -155      228 |        0      228 |      -20 |       27        7
 E25   0 |   61042 |       89     -140 |        0     -140 |      -35 |       27       -7
 E26   0 |   61042 |      -92      163 |        0      163 |      970 |     -973       -2
 E27   0 |   61042 |       78      -58 |        0      -58 |      -34 |       27       -7
 E29   0 |   61042 |       39       20 |        0       20 |      -16 |       27       11
 E30   0 |   61042 |       96     -161 |        0     -161 |      -20 |       27        7
 E31   0 |   61042 |     -359      389 |        0      389 |    -1022 |     1027        6
 E33   0 |   61042 |     -196      240 |        0      240 |      -31 |       27       -3
 E34   0 |   61042 |     -222      182 |        0      182 |      -37 |       27      -10
 E36   0 |   61042 |       26      -31 |        0      -31 |      979 |     -973        6
 C06   0 |   61042 |     -135       51 |        0       51 |      350 |     -350        0
 C07   0 |   61042 |      167        0 |        0        0 |     -658 |      650       -8
 C08   0 |   61042 |       84     -100 |        0     -100 |     -647 |      650        3
 C09   0 |   61042 |       64      -42 |        0      -42 |     2348 |    -2350       -2
 C10   0 |   61042 |      118      -56 |        0      -56 |     -646 |      650        4
 C13   0 |   61042 |       44     -156 |        0     -156 |     -648 |      650        2
 C16   0 |   61042 |      -44        6 |        0        6 |     -649 |      650        1
 C19   0 |   61042 |       43      -99 |        0      -99 |    -1807 |     1804       -3
 C20   0 |   61042 |       75     -151 |        0     -151 |    -6793 |     6804       12
 C21   0 |   61042 |       99      -63 |        0      -63 |    -3793 |     3804       11
 C22   0 |   61042 |       76      -84 |        0      -84 |    -2804 |     2804        0
 C23   0 |   61042 |     -116      -72 |        0      -72 |    -2793 |     2804       11
 C24   0 |   61042 |     -106       29 |        0       29 |    -2811 |     2804       -7
 C25   0 |   61042 |      -88      -82 |        0      -82 |    -3798 |     3804        7
 C26   0 |   61042 |      100      -26 |        0      -26 |    -3808 |     3804       -4
 C27   0 |   61042 |       14      107 |        0      107 |    -2795 |     2804        9
 C28   0 |   61042 |      268     -211 |        0     -211 |    -2805 |     2804        0
 C29   0 |   61042 |       87      -16 |        0      -16 |    -2806 |     2804       -2
 C30   0 |   61042 |      -62      113 |        0      113 |    -2817 |     2804      -13
 C32   0 |   61042 |      -14      -52 |        0      -52 |    -2794 |     2804       10
 C33   0 |   61042 |       87     -102 |        0     -102 |    -2788 |     2804       17
 C34   0 |   61042 |       62       48 |        0       48 |    -1805 |     1804       -1
 C35   0 |   61042 |      165     -147 |        0     -147 |    -2806 |     2804       -2
 C36   0 |   61042 |     -158      118 |        0      118 |    -2806 |     2804       -1
 C37   0 |   61042 |       31      -52 |        0      -52 |    -3792 |     3804       13
 C38   0 |   61042 |       22     -104 |        0     -104 |    -2813 |     2804       -9
 C39   0 |   61042 |      -27      -77 |        0      -77 |    -3810 |     3804       -5
 C40   0 |   61042 |       49      -19 |        0      -19 |    -3811 |     3804       -7
 C41   0 |   61042 |     -101      -78 |        0      -78 |    -2795 |     2804       10
 C42   0 |   61042 |     -257      315 |        0      315 |    -2817 |     2804      -13
 C43   0 |   61042 |     -232      387 |        0      387 |    -2803 |     2804        1
 C44   0 |   61042 |       48      -34 |        0      -34 |    -2800 |     2804        4
 C45   0 |   61042 |       66       92 |        0       92 |      179 |     -196      -17
 C47   0 |   61042 |     -122      125 |        0      125 |      200 |     -196        5
 C48   0 |   61042 |       93      -49 |        0      -49 |      191 |     -196       -5
 C49   0 |   61042 |      -65      132 |        0      132 |      183 |     -196      -13
 C50   0 |   61042 |     -146      159 |        0      159 |      187 |     -196       -9
---------+---------+-------------------+-------------------+----------+------------------

3. RESULTS OF DUAL-FREQUENCY IRC ALIGNMENT
---------+---------+-------------------+-------------------+-------------------+------------------
 PRN FRQ | A MJDAY |   NL_UPD      IRC |  NL_CORR IRC_RESI |   NL_UPD      IRC |  NL_CORR IRC_RESI
         |         |     (ps)     (ps) |     (ps)     (ps) |    (mcy)    (mcy) |    (mcy)    (mcy)
---------+---------+-------------------+-------------------+-------------------+------------------
 G01   0 |   61042 |     -350      193 |      199       -6 |     -982      542 |      558      -17
 G02   0 |   61042 |      452     -516 |     -514       -1 |     1267    -1446 |    -1442       -4
 G03   0 |   61042 |     -428      383 |      388       -5 |    -1200     1074 |     1088      -14
 G04   0 |   61042 |     -146      192 |      199       -7 |     -408      538 |      558      -20
 G05   0 |   61042 |     -712      751 |      745        6 |    -1995     2105 |     2088       17
 G07   0 |   61042 |     -607      555 |      556       -1 |    -1701     1557 |     1558       -1
 G08   0 |   61042 |      814     -879 |     -871       -8 |     2281    -2463 |    -2442      -21
 G09   0 |   61042 |      554     -529 |     -514      -15 |     1552    -1482 |    -1442      -41
 G10   0 |   61042 |      917     -873 |     -871       -2 |     2570    -2446 |    -2442       -4
 G11   0 |   61042 |     -469      566 |      556       10 |    -1315     1587 |     1558       29
 G12   0 |   61042 |     -536      557 |      556        1 |    -1504     1561 |     1558        2
 G13   0 |   61042 |      174     -150 |     -158        8 |      489     -419 |     -442       22
 G14   0 |   61042 |     -159      193 |      199       -7 |     -447      540 |      558      -19
 G15   0 |   61042 |      417     -313 |     -325       13 |     1168     -877 |     -912       35
 G16   0 |   61042 |      519     -516 |     -514       -1 |     1455    -1445 |    -1442       -4
 G17   0 |   61042 |      407     -521 |     -514       -7 |     1141    -1461 |    -1442      -19
 G18   0 |   61042 |      -79      195 |      199       -4 |     -221      547 |      558      -11
 G19   0 |   61042 |      458     -514 |     -514        0 |     1283    -1440 |    -1442        1
 G20   0 |   61042 |     -724      755 |      745       10 |    -2028     2116 |     2088       28
 G21   0 |   61042 |       12       39 |       31        7 |       33      109 |       88       21
 G22   0 |   61042 |     -102        8 |       10       -2 |     -287       24 |       29       -5
 G23   0 |   61042 |      -24      199 |      199       -1 |      -67      557 |      558       -2
 G24   0 |   61042 |     1273    -1219 |    -1228        9 |     3567    -3416 |    -3442       25
 G25   0 |   61042 |      112     -149 |     -158        8 |      315     -418 |     -442       23
 G26   0 |   61042 |     -236      193 |      199       -7 |     -662      540 |      558      -19
 G27   0 |   61042 |      224     -327 |     -325       -2 |      628     -916 |     -912       -4
 G28   0 |   61042 |     -116      199 |      199        0 |     -324      558 |      558       -1
 G29   0 |   61042 |     -192      207 |      199        8 |     -538      581 |      558       22
 G30   0 |   61042 |       70     -162 |     -158       -5 |      196     -454 |     -442      -13
 G31   0 |   61042 |      -13     -163 |     -158       -5 |      -36     -456 |     -442      -14
 G32   0 |   61042 |      813     -680 |     -682        3 |     2280    -1905 |    -1912        7
 E02   0 |   61042 |      -93      193 |      190        3 |     -256      531 |      522        8
 E03   0 |   61042 |      244     -171 |     -174        2 |      672     -471 |     -478        6
 E04   0 |   61042 |     -179      186 |      190       -4 |     -493      511 |      522      -12
 E05   0 |   61042 |     -454      553 |      553       -1 |    -1250     1521 |     1522       -1
 E06   0 |   61042 |     -224      179 |      190      -11 |     -615      492 |      522      -30
 E07   0 |   61042 |     -222      195 |      190        5 |     -611      536 |      522       14
 E08   0 |   61042 |     -174      211 |      208        3 |     -480      581 |      574        7
 E09   0 |   61042 |     -125      170 |      171       -1 |     -345      468 |      471       -3
 E10   0 |   61042 |     -171      186 |      190       -4 |     -472      512 |      522      -10
 E11   0 |   61042 |       79     -155 |     -155        0 |      219     -426 |     -426        1
 E12   0 |   61042 |      575     -537 |     -537        0 |     1583    -1478 |    -1478       -1
 E13   0 |   61042 |      162     -166 |     -174        7 |      445     -457 |     -478       20
 E15   0 |   61042 |      208     -160 |     -174       14 |      573     -440 |     -478       37
 E19   0 |   61042 |      201     -156 |     -155       -1 |      553     -430 |     -426       -4
 E21   0 |   61042 |       42     -174 |     -174        0 |      117     -479 |     -478       -1
 E23   0 |   61042 |     -296      184 |      190       -6 |     -814      506 |      522      -16
 E25   0 |   61042 |     -123      188 |      190       -1 |     -338      518 |      522       -4
 E26   0 |   61042 |     -334      202 |      208       -7 |     -919      555 |      574      -19
 E27   0 |   61042 |     -604      559 |      553        5 |    -1663     1537 |     1522       15
 E29   0 |   61042 |     -263      191 |      190        1 |     -723      525 |      522        3
 E30   0 |   61042 |      -62      195 |      190        5 |     -170      535 |      522       13
 E31   0 |   61042 |      156     -197 |     -192       -5 |      429     -541 |     -529      -12
 E33   0 |   61042 |       91     -182 |     -174       -8 |      251     -500 |     -478      -23
 E34   0 |   61042 |      579     -532 |     -537        5 |     1594    -1465 |    -1478       13
 E36   0 |   61042 |      179     -155 |     -155        0 |      494     -426 |     -426        0
 C06   0 |   61042 |    -2348     2554 |     2549        4 |    -6644     7225 |     7214       12
 C07   0 |   61042 |     -266     -156 |     -159        3 |     -752     -442 |     -451        8
 C08   0 |   61042 |     -500      539 |      548       -9 |    -1415     1525 |     1549      -25
 C09   0 |   61042 |    -4844     4779 |     4786       -7 |   -13708    13522 |    13543      -20
 C10   0 |   61042 |     -329      199 |      194        5 |     -932      562 |      549       13
 C13   0 |   61042 |    -2747     3021 |     3021        0 |    -7772     8549 |     8549        0
 C16   0 |   61042 |     -100      199 |      194        5 |     -282      562 |      549       13
 C19   0 |   61042 |      308     -173 |     -185       12 |      872     -490 |     -523       33
 C20   0 |   61042 |    -1953     2182 |     2175        7 |    -5527     6175 |     6156       19
 C21   0 |   61042 |    -6110     6051 |     6060      -10 |   -17288    17122 |    17149      -27
 C22   0 |   61042 |     -973      999 |      994        5 |    -2753     2827 |     2813       14
 C23   0 |   61042 |    -2626     3115 |     3115        0 |    -7432     8814 |     8813        1
 C24   0 |   61042 |    -2955     3118 |     3115        3 |    -8363     8822 |     8813        9
 C25   0 |   61042 |     8856    -8426 |    -8429        3 |    25060   -23842 |   -23851       10
 C26   0 |   61042 |     -953      758 |      759       -1 |    -2696     2144 |     2149       -4
 C27   0 |   61042 |    14649   -14899 |   -14909       10 |    41451   -42158 |   -42187       29
 C28   0 |   61042 |   -18801    18667 |    18664        3 |   -53199    52822 |    52813        9
 C29   0 |   61042 |      597     -766 |     -773        7 |     1689    -2167 |    -2187       20
 C30   0 |   61042 |    -2220     2068 |     2054       14 |    -6281     5851 |     5813       39
 C32   0 |   61042 |      258      -60 |      -66        7 |      730     -169 |     -187       18
 C33   0 |   61042 |      159      -81 |      -66      -15 |      450     -229 |     -187      -42
 C34   0 |   61042 |    -3261     3000 |     2996        4 |    -9228     8488 |     8477       10
 C35   0 |   61042 |      370     -414 |     -420        6 |     1046    -1171 |    -1187       16
 C36   0 |   61042 |      866     -773 |     -773        0 |     2449    -2188 |    -2187       -1
 C37   0 |   61042 |       41       57 |       52        5 |      115      162 |      149       14
 C38   0 |   61042 |      233      -66 |      -66        0 |      660     -188 |     -187       -1
 C39   0 |   61042 |      531     -307 |     -301       -6 |     1502     -867 |     -851      -16
 C40   0 |   61042 |     -854      763 |      759        4 |    -2415     2159 |     2149       11
 C41   0 |   61042 |     -179      650 |      641        9 |     -505     1838 |     1813       25
 C42   0 |   61042 |    -4712     4495 |     4528      -33 |   -13332    12719 |    12813      -94
 C43   0 |   61042 |     4647    -5013 |    -5014        1 |    13149   -14186 |   -14187        2
 C44   0 |   61042 |    31149   -31169 |   -31166       -3 |    88139   -88196 |   -88187       -8
 C45   0 |   61042 |      -14     -418 |     -422        4 |      -39    -1182 |    -1194       12
 C47   0 |   61042 |      429     -410 |     -422       12 |     1214    -1160 |    -1194       34
 C48   0 |   61042 |     1359    -1488 |    -1482       -6 |     3845    -4212 |    -4194      -18
 C49   0 |   61042 |      220     -433 |     -422      -11 |      623    -1224 |    -1194      -30
 C50   0 |   61042 |      362     -452 |     -422      -30 |     1025    -1280 |    -1194      -86
---------+---------+-------------------+-------------------+-------------------+------------------

4. CORRECTIONS FOR CODE/PHASE BIASES
---------+---------+-------------------
 PRN FRQ | A MJDAY | OCB_CORR OPB_CORR 
         |         |     (ps)     (ps) 
---------+---------+-------------------
 G01   1 |   61042 |        0      761
 G02   1 |   61042 |        0     -509
 G03   1 |   61042 |        0    -1144
 G04   1 |   61042 |        0      761
 G05   1 |   61042 |        0     -509
 G07   1 |   61042 |        0     1395
 G08   1 |   61042 |        0    -1144
 G09   1 |   61042 |        0     -509
 G10   1 |   61042 |        0    -1144
 G11   1 |   61042 |        0     1395
 G12   1 |   61042 |        0     1395
 G13   1 |   61042 |        0      126
 G14   1 |   61042 |        0      761
 G15   1 |   61042 |        0    -2413
 G16   1 |   61042 |        0     -509
 G17   1 |   61042 |        0     -509
 G18   1 |   61042 |        0      761
 G19   1 |   61042 |        0     -509
 G20   1 |   61042 |        0     -509
 G21   1 |   61042 |        0    -1778
 G22   1 |   61042 |        0     2665
 G23   1 |   61042 |        0      761
 G24   1 |   61042 |        0    -1778
 G25   1 |   61042 |        0      126
 G26   1 |   61042 |        0      761
 G27   1 |   61042 |        0    -2413
 G28   1 |   61042 |        0      761
 G29   1 |   61042 |        0      761
 G30   1 |   61042 |        0      126
 G31   1 |   61042 |        0      126
 G32   1 |   61042 |        0    -3048
 E02   1 |   61042 |        0      280
 E03   1 |   61042 |        0     -354
 E04   1 |   61042 |        0      280
 E05   1 |   61042 |        0      915
 E06   1 |   61042 |        0      280
 E07   1 |   61042 |        0      280
 E08   1 |   61042 |        0     2185
 E09   1 |   61042 |        0    -1624
 E10   1 |   61042 |        0      280
 E11   1 |   61042 |        0     1550
 E12   1 |   61042 |        0     -989
 E13   1 |   61042 |        0     -354
 E15   1 |   61042 |        0     -354
 E19   1 |   61042 |        0     1550
 E21   1 |   61042 |        0     -354
 E23   1 |   61042 |        0      280
 E25   1 |   61042 |        0      280
 E26   1 |   61042 |        0     2185
 E27   1 |   61042 |        0      915
 E29   1 |   61042 |        0      280
 E30   1 |   61042 |        0      280
 E31   1 |   61042 |        0    -2259
 E33   1 |   61042 |        0     -354
 E34   1 |   61042 |        0     -989
 E36   1 |   61042 |        0     1550
 C06   2 |   61042 |        0     5593
 C07   2 |   61042 |        0    -2093
 C08   2 |   61042 |        0     -812
 C09   2 |   61042 |        0    15202
 C10   2 |   61042 |        0    -1453
 C13   2 |   61042 |        0     3672
 C16   2 |   61042 |        0    -1453
 C19   2 |   61042 |        0    -5346
 C20   2 |   61042 |        0   -14955
 C21   2 |   61042 |        0      419
 C22   2 |   61042 |        0    -5987
 C23   2 |   61042 |        0    -2143
 C24   2 |   61042 |        0    -2143
 C25   2 |   61042 |        0   -25844
 C26   2 |   61042 |        0    -9189
 C27   2 |   61042 |        0   -34812
 C28   2 |   61042 |        0    26042
 C29   2 |   61042 |        0    -9189
 C30   2 |   61042 |        0    -4065
 C32   2 |   61042 |        0    -7908
 C33   2 |   61042 |        0    -7908
 C34   2 |   61042 |        0      419
 C35   2 |   61042 |        0    -8549
 C36   2 |   61042 |        0    -9189
 C37   2 |   61042 |        0   -10471
 C38   2 |   61042 |        0    -7908
 C39   2 |   61042 |        0   -11111
 C40   2 |   61042 |        0    -9189
 C41   2 |   61042 |        0    -6627
 C42   2 |   61042 |        0      419
 C43   2 |   61042 |        0   -16876
 C44   2 |   61042 |        0   -64279
 C45   2 |   61042 |        0     -221
 C47   2 |   61042 |        0     -221
 C48   2 |   61042 |        0    -2143
 C49   2 |   61042 |        0     -221
 C50   2 |   61042 |        0     -221
 G01   2 |   61042 |        0     1124
 G02   2 |   61042 |        0     -505
 G03   2 |   61042 |        0    -2135
 G04   2 |   61042 |        0     1124
 G05   2 |   61042 |        0    -1320
 G07   2 |   61042 |        0     1938
 G08   2 |   61042 |        0    -1320
 G09   2 |   61042 |        0     -505
 G10   2 |   61042 |        0    -1320
 G11   2 |   61042 |        0     1938
 G12   2 |   61042 |        0     1938
 G13   2 |   61042 |        0      309
 G14   2 |   61042 |        0     1124
 G15   2 |   61042 |        0    -3764
 G16   2 |   61042 |        0     -505
 G17   2 |   61042 |        0     -505
 G18   2 |   61042 |        0     1124
 G19   2 |   61042 |        0     -505
 G20   2 |   61042 |        0    -1320
 G21   2 |   61042 |        0    -2949
 G22   2 |   61042 |        0     4382
 G23   2 |   61042 |        0     1124
 G24   2 |   61042 |        0    -2135
 G25   2 |   61042 |        0      309
 G26   2 |   61042 |        0     1124
 G27   2 |   61042 |        0    -3764
 G28   2 |   61042 |        0     1124
 G29   2 |   61042 |        0     1124
 G30   2 |   61042 |        0      309
 G31   2 |   61042 |        0      309
 G32   2 |   61042 |        0    -4578
 E02   5 |   61042 |        0      352
 E03   5 |   61042 |        0     -498
 E04   5 |   61042 |        0      352
 E05   5 |   61042 |        0     1202
 E06   5 |   61042 |        0      352
 E07   5 |   61042 |        0      352
 E08   5 |   61042 |        0     3752
 E09   5 |   61042 |        0    -3048
 E10   5 |   61042 |        0      352
 E11   5 |   61042 |        0     2902
 E12   5 |   61042 |        0    -1348
 E13   5 |   61042 |        0     -498
 E15   5 |   61042 |        0     -498
 E19   5 |   61042 |        0     2902
 E21   5 |   61042 |        0     -498
 E23   5 |   61042 |        0      352
 E25   5 |   61042 |        0      352
 E26   5 |   61042 |        0     3752
 E27   5 |   61042 |        0     1202
 E29   5 |   61042 |        0      352
 E30   5 |   61042 |        0      352
 E31   5 |   61042 |        0    -3898
 E33   5 |   61042 |        0     -498
 E34   5 |   61042 |        0    -1348
 E36   5 |   61042 |        0     2902
 C06   6 |   61042 |        0     7160
 C07   6 |   61042 |        0    -3089
 C08   6 |   61042 |        0    -1512
 C09   6 |   61042 |        0    20561
 C10   6 |   61042 |        0    -2300
 C13   6 |   61042 |        0     4006
 C16   6 |   61042 |        0    -2300
 C19   6 |   61042 |        0    -8001
 C20   6 |   61042 |        0   -23768
 C21   6 |   61042 |        0    -2483
 C22   6 |   61042 |        0    -9578
 C23   6 |   61042 |        0    -4848
 C24   6 |   61042 |        0    -4848
 C25   6 |   61042 |        0   -34804
 C26   6 |   61042 |        0   -14308
 C27   6 |   61042 |        0   -45052
 C28   6 |   61042 |        0    29838
 C29   6 |   61042 |        0   -13520
 C30   6 |   61042 |        0    -7213
 C32   6 |   61042 |        0   -11943
 C33   6 |   61042 |        0   -11943
 C34   6 |   61042 |        0     -906
 C35   6 |   61042 |        0   -12731
 C36   6 |   61042 |        0   -13520
 C37   6 |   61042 |        0   -15885
 C38   6 |   61042 |        0   -11943
 C39   6 |   61042 |        0   -16673
 C40   6 |   61042 |        0   -14308
 C41   6 |   61042 |        0   -10366
 C42   6 |   61042 |        0    -1695
 C43   6 |   61042 |        0   -22979
 C44   6 |   61042 |        0   -81315
 C45   6 |   61042 |        0     -118
 C47   6 |   61042 |        0     -118
 C48   6 |   61042 |        0    -2483
 C49   6 |   61042 |        0     -118
 C50   6 |   61042 |        0     -118
 G01   5 |   61042 |        0        0
 G02   5 |   61042 |        0        0
 G03   5 |   61042 |        0        0
 G04   5 |   61042 |        0        0
 G05   5 |   61042 |        0        0
 G07   5 |   61042 |        0        0
 G08   5 |   61042 |        0        0
 G09   5 |   61042 |        0        0
 G10   5 |   61042 |        0        0
 G11   5 |   61042 |        0        0
 G12   5 |   61042 |        0        0
 G13   5 |   61042 |        0        0
 G14   5 |   61042 |        0        0
 G15   5 |   61042 |        0        0
 G16   5 |   61042 |        0        0
 G17   5 |   61042 |        0        0
 G18   5 |   61042 |        0        0
 G19   5 |   61042 |        0        0
 G20   5 |   61042 |        0        0
 G21   5 |   61042 |        0        0
 G22   5 |   61042 |        0        0
 G23   5 |   61042 |        0        0
 G24   5 |   61042 |        0        0
 G25   5 |   61042 |        0        0
 G26   5 |   61042 |        0        0
 G27   5 |   61042 |        0        0
 G28   5 |   61042 |        0        0
 G29   5 |   61042 |        0        0
 G30   5 |   61042 |        0        0
 G31   5 |   61042 |        0        0
 G32   5 |   61042 |        0        0
 E02   6 |   61042 |        0        0
 E03   6 |   61042 |        0        0
 E04   6 |   61042 |        0        0
 E05   6 |   61042 |        0        0
 E06   6 |   61042 |        0        0
 E07   6 |   61042 |        0        0
 E08   6 |   61042 |        0        0
 E09   6 |   61042 |        0        0
 E10   6 |   61042 |        0        0
 E11   6 |   61042 |        0        0
 E12   6 |   61042 |        0        0
 E13   6 |   61042 |        0        0
 E15   6 |   61042 |        0        0
 E19   6 |   61042 |        0        0
 E21   6 |   61042 |        0        0
 E23   6 |   61042 |        0        0
 E25   6 |   61042 |        0        0
 E26   6 |   61042 |        0        0
 E27   6 |   61042 |        0        0
 E29   6 |   61042 |        0        0
 E30   6 |   61042 |        0        0
 E31   6 |   61042 |        0        0
 E33   6 |   61042 |        0        0
 E34   6 |   61042 |        0        0
 E36   6 |   61042 |        0        0
 C06   7 |   61042 |        0        0
 C07   7 |   61042 |        0        0
 C08   7 |   61042 |        0        0
 C09   7 |   61042 |        0        0
 C10   7 |   61042 |        0        0
 C13   7 |   61042 |        0        0
 C16   7 |   61042 |        0        0
 C19   7 |   61042 |        0        0
 C20   7 |   61042 |        0        0
 C21   7 |   61042 |        0        0
 C22   7 |   61042 |        0        0
 C23   7 |   61042 |        0        0
 C24   7 |   61042 |        0        0
 C25   7 |   61042 |        0        0
 C26   7 |   61042 |        0        0
 C27   7 |   61042 |        0        0
 C28   7 |   61042 |        0        0
 C29   7 |   61042 |        0        0
 C30   7 |   61042 |        0        0
 C32   7 |   61042 |        0        0
 C33   7 |   61042 |        0        0
 C34   7 |   61042 |        0        0
 C35   7 |   61042 |        0        0
 C36   7 |   61042 |        0        0
 C37   7 |   61042 |        0        0
 C38   7 |   61042 |        0        0
 C39   7 |   61042 |        0        0
 C40   7 |   61042 |        0        0
 C41   7 |   61042 |        0        0
 C42   7 |   61042 |        0        0
 C43   7 |   61042 |        0        0
 C44   7 |   61042 |        0        0
 C45   7 |   61042 |        0        0
 C47   7 |   61042 |        0        0
 C48   7 |   61042 |        0        0
 C49   7 |   61042 |        0        0
 C50   7 |   61042 |        0        0
---------+---------+-------------------
