%%% INTEGER-RECOVERED CLOCK DAY-BOUNDARY DISCONTINUITY ANALYSIS FILE
%%% Executor:                     algirc
%%% Execute Time:                 2026-08-06 16:41:13
%%% Working Directory:            /home/wyy/code/PRIDE-DBAlign/example/wum0rap
%%% Input:                        /home/wyy/code/PRIDE-DBAlign/example/wum0rap/config_pdba_2025002
%%% SP3 Files:                    WUM0MGXRAP_20250010000_01D_05M_ORB.SP3 WUM0MGXRAP_20250020000_01D_05M_ORB.SP3
%%% CLK Files:                    WUM0MGXRAP_20250010000_01D_30S_CLK.CLK WUM0MGXRAP_20250020000_01D_30S_CLK.CLK
%%% OSB Files:                    WUM0MGXRAP_20250010000_01D_01D_OSB.BIA WUM0MGXRAP_20250020000_01D_01D_OSB.BIA

1. RESULTS OF RADIAL ORBIT CORRECTION AND CLOCK
---------+---------+-------------------+-------------------+------------------
 PRN FRQ | A MJDAY |   RADORB    CLOCK |   RADORB    CLOCK |  CLK_RMS CLK_CORR
         |         |     (mm)     (mm) |     (ps)     (ps) |     (ps)     (ps)
---------+---------+-------------------+-------------------+------------------
 G02   0 |   60677 |      -21     -113 |      -71     -376 |        0      212
 G03   0 |   60677 |      -14      -73 |      -48     -243 |        0      212
 G04   0 |   60677 |        3      -76 |        9     -254 |        0      212
 G05   0 |   60677 |      -31      -73 |     -103     -244 |        0      212
 G06   0 |   60677 |        6      -62 |       21     -206 |        0      212
 G07   0 |   60677 |       18      -43 |       59     -144 |        0      212
 G08   0 |   60677 |       19      -80 |       62     -267 |        0      212
 G09   0 |   60677 |      -19      -90 |      -63     -299 |        0      212
 G10   0 |   60677 |      -10      -85 |      -32     -285 |        0      212
 G11   0 |   60677 |      -11      -79 |      -37     -264 |        0      212
 G12   0 |   60677 |       -1      -31 |       -4     -102 |        0      212
 G13   0 |   60677 |      -18      -72 |      -60     -242 |        0      212
 G14   0 |   60677 |        5      -43 |       17     -144 |        0      212
 G15   0 |   60677 |       -5      -42 |      -16     -140 |        0      212
 G16   0 |   60677 |       -9      -96 |      -30     -320 |        0      212
 G17   0 |   60677 |      -16      -93 |      -55     -310 |        0      212
 G18   0 |   60677 |        1      -47 |        5     -158 |        0      212
 G19   0 |   60677 |       -2      -58 |       -8     -194 |        0      212
 G20   0 |   60677 |      -25      -93 |      -84     -311 |        0      212
 G21   0 |   60677 |      -23      -85 |      -76     -282 |        0      212
 G23   0 |   60677 |        8      -45 |       26     -150 |        0      212
 G24   0 |   60677 |        7      -32 |       22     -106 |        0      212
 G25   0 |   60677 |        5      -51 |       16     -169 |        0      212
 G26   0 |   60677 |      -17     -113 |      -58     -377 |        0      212
 G27   0 |   60677 |        8      -70 |       26     -234 |        0      212
 G28   0 |   60677 |        9      -38 |       29     -125 |        0      212
 G29   0 |   60677 |       -7      -58 |      -23     -195 |        0      212
 G30   0 |   60677 |       -3      -67 |      -11     -225 |        0      212
 G31   0 |   60677 |        1      -79 |        2     -263 |        0      212
 G32   0 |   60677 |        1      -65 |        5     -218 |        0      212
 E02   0 |   60677 |       17       88 |       56      294 |        0     -205
 E03   0 |   60677 |        0       56 |       -1      188 |        0     -205
 E04   0 |   60677 |        7      100 |       22      334 |        0     -205
 E05   0 |   60677 |        1       67 |        5      225 |        0     -205
 E06   0 |   60677 |       13      100 |       44      335 |        0     -205
 E07   0 |   60677 |        9       54 |       29      180 |        0     -205
 E08   0 |   60677 |        3       69 |       11      231 |        0     -205
 E09   0 |   60677 |      -28       57 |      -92      189 |        0     -205
 E10   0 |   60677 |      -14       55 |      -47      184 |        0     -205
 E11   0 |   60677 |       10      112 |       34      373 |        0     -205
 E12   0 |   60677 |       -3       11 |      -12       35 |        0     -205
 E13   0 |   60677 |        5       51 |       16      170 |        0     -205
 E15   0 |   60677 |       12       75 |       39      249 |        0     -205
 E19   0 |   60677 |      -37        2 |     -125        6 |        0     -205
 E21   0 |   60677 |       29       66 |       97      219 |        0     -205
 E24   0 |   60677 |      -15       47 |      -49      157 |        0     -205
 E25   0 |   60677 |       -6       58 |      -20      195 |        0     -205
 E26   0 |   60677 |       -8       62 |      -25      207 |        0     -205
 E27   0 |   60677 |        4       35 |       12      118 |        0     -205
 E29   0 |   60677 |      -10       59 |      -32      195 |        0     -205
 E30   0 |   60677 |      -19       27 |      -63       90 |        0     -205
 E31   0 |   60677 |       11       81 |       37      270 |        0     -205
 E33   0 |   60677 |      -27       41 |      -90      138 |        0     -205
 E34   0 |   60677 |      -34       26 |     -115       85 |        0     -205
 E36   0 |   60677 |       -2       55 |       -7      184 |        0     -205
 C06   0 |   60677 |      -86     -431 |     -287    -1438 |        0     1174
 C07   0 |   60677 |      -79     -499 |     -265    -1666 |        0     1174
 C08   0 |   60677 |      -22     -329 |      -72    -1099 |        0     1174
 C09   0 |   60677 |      -16     -381 |      -53    -1270 |        0     1174
 C10   0 |   60677 |       10     -337 |       34    -1123 |        0     1174
 C11   0 | * 60677 |       17     -182 |       56     -608 |        0     1174
 C12   0 | * 60677 |        4     -236 |       12     -786 |        0     1174
 C13   0 |   60677 |     -124     -442 |     -413    -1475 |        0     1174
 C14   0 | * 60677 |        8     -215 |       27     -716 |        0     1174
 C16   0 |   60677 |      -64     -425 |     -213    -1417 |        0     1174
 C19   0 |   60677 |        7     -322 |       22    -1074 |        0     1127
 C20   0 |   60677 |       -2     -314 |       -6    -1047 |        0     1127
 C21   0 |   60677 |       -3     -326 |       -9    -1088 |        0     1127
 C22   0 |   60677 |       54     -315 |      180    -1052 |        0     1127
 C23   0 |   60677 |        4     -309 |       14    -1032 |        0     1127
 C24   0 |   60677 |      -11     -367 |      -38    -1225 |        0     1127
 C25   0 |   60677 |       24     -297 |       79     -991 |        0     1127
 C26   0 |   60677 |      -25     -430 |      -84    -1434 |        0     1127
 C27   0 |   60677 |       10     -376 |       32    -1254 |        0     1127
 C28   0 |   60677 |       20     -322 |       67    -1075 |        0     1127
 C29   0 |   60677 |      -24     -318 |      -81    -1059 |        0     1127
 C30   0 |   60677 |      -29     -407 |      -97    -1358 |        0     1127
 C32   0 |   60677 |       25     -330 |       82    -1099 |        0     1127
 C33   0 |   60677 |       41     -302 |      138    -1007 |        0     1127
 C34   0 |   60677 |        8     -319 |       25    -1065 |        0     1127
 C35   0 |   60677 |       13     -391 |       43    -1304 |        0     1127
 C36   0 |   60677 |      -32     -387 |     -106    -1292 |        0     1127
 C37   0 |   60677 |       25     -272 |       83     -906 |        0     1127
 C38   0 |   60677 |       79     -229 |      262     -765 |        0     1127
 C39   0 |   60677 |      -22     -365 |      -73    -1217 |        0     1127
 C40   0 |   60677 |      187      -36 |      624     -121 |        0     1127
 C41   0 |   60677 |      -24     -339 |      -80    -1131 |        0     1127
 C42   0 |   60677 |       78     -252 |      261     -840 |        0     1127
 C43   0 |   60677 |       -6     -285 |      -21     -952 |        0     1127
 C44   0 |   60677 |      -40     -422 |     -134    -1407 |        0     1127
 C45   0 |   60677 |       26     -375 |       85    -1250 |        0     1127
---------+---------+-------------------+-------------------+------------------

2. RESULTS OF DUAL-FREQUENCY GEOMETRY-FREE BIAS ALIGNMENT
---------+---------+-------------------+-------------------+----------+------------------
 PRN FRQ | A MJDAY |   PH_GFB   CD_GFB |  CD_CORR  CD_RESI |   WL_UPD |  WL_CORR  WL_RESI
         |         |     (ps)     (ps) |     (ps)     (ps) |    (mcy) |    (mcy)    (mcy)
---------+---------+-------------------+-------------------+----------+------------------
 G02   0 |   60677 |     -191      227 |        0      227 |       14 |      -22       -7
 G03   0 |   60677 |     -105      104 |        0      104 |       26 |      -22        4
 G04   0 |   60677 |       69      -41 |        0      -41 |       21 |      -22        0
 G05   0 |   60677 |       93     -131 |        0     -131 |     -974 |      978        4
 G06   0 |   60677 |      247     -235 |        0     -235 |       21 |      -22        0
 G07   0 |   60677 |       74      -70 |        0      -70 |       26 |      -22        4
 G08   0 |   60677 |       67      -18 |        0      -18 |       17 |      -22       -4
 G09   0 |   60677 |     -128      136 |        0      136 |       20 |      -22       -1
 G10   0 |   60677 |        9       15 |        0       15 |       24 |      -22        2
 G11   0 |   60677 |      182     -171 |        0     -171 |       22 |      -22        0
 G12   0 |   60677 |      115     -170 |        0     -170 |     -979 |      978       -1
 G13   0 |   60677 |      230     -245 |        0     -245 |     -975 |      978        3
 G14   0 |   60677 |      -98       73 |        0       73 |       18 |      -22       -3
 G15   0 |   60677 |      109     -154 |        0     -154 |     -980 |      978       -1
 G16   0 |   60677 |       -9       33 |        0       33 |       12 |      -22      -10
 G17   0 |   60677 |      -16       38 |        0       38 |       20 |      -22       -1
 G18   0 |   60677 |       14      -31 |        0      -31 |       27 |      -22        5
 G19   0 |   60677 |      157     -165 |        0     -165 |       22 |      -22        1
 G20   0 |   60677 |      119     -114 |        0     -114 |       21 |      -22       -1
 G21   0 |   60677 |     -258      254 |        0      254 |     1020 |    -1022       -1
 G23   0 |   60677 |       48      -60 |        0      -60 |     -974 |      978        5
 G24   0 |   60677 |      -54       20 |        0       20 |       23 |      -22        1
 G25   0 |   60677 |      -60       51 |        0       51 |       24 |      -22        3
 G26   0 |   60677 |       73      -32 |        0      -32 |       14 |      -22       -8
 G27   0 |   60677 |       86      -66 |        0      -66 |     -978 |      978        0
 G28   0 |   60677 |     -434      404 |        0      404 |       21 |      -22        0
 G29   0 |   60677 |      -10      -28 |        0      -28 |       14 |      -22       -7
 G30   0 |   60677 |       25      -12 |        0      -12 |       29 |      -22        8
 G31   0 |   60677 |     -143      165 |        0      165 |       21 |      -22       -1
 G32   0 |   60677 |     -209      225 |        0      225 |       28 |      -22        6
 E02   0 |   60677 |      413     -411 |        0     -411 |        7 |        4       11
 E03   0 |   60677 |      435     -418 |        0     -418 |    -1000 |     1004        4
 E04   0 |   60677 |       61     -123 |        0     -123 |       -3 |        4        1
 E05   0 |   60677 |      184     -201 |        0     -201 |       -4 |        4        0
 E06   0 |   60677 |      -62       -9 |        0       -9 |      -15 |        4      -11
 E07   0 |   60677 |     -326      359 |        0      359 |      995 |     -996       -1
 E08   0 |   60677 |      278     -286 |        0     -286 |       -5 |        4       -1
 E09   0 |   60677 |      -82       29 |        0       29 |       -6 |        4       -2
 E10   0 |   60677 |      -15      -16 |        0      -16 |      -16 |        4      -12
 E11   0 |   60677 |      -91       25 |        0       25 |        5 |        4        8
 E12   0 |   60677 |     -179      260 |        0      260 |      989 |     -996       -7
 E13   0 |   60677 |     -267      296 |        0      296 |       -5 |        4       -1
 E15   0 |   60677 |       64      -47 |        0      -47 |        7 |        4       11
 E19   0 |   60677 |     -235      276 |        0      276 |       -7 |        4       -4
 E21   0 |   60677 |     -511      559 |        0      559 |        0 |        4        4
 E24   0 |   60677 |       83     -104 |        0     -104 |      -20 |        4      -16
 E25   0 |   60677 |      435     -441 |        0     -441 |       -6 |        4       -2
 E26   0 |   60677 |     -106       98 |        0       98 |        1 |        4        5
 E27   0 |   60677 |     -137      203 |        0      203 |        1 |        4        5
 E29   0 |   60677 |     -427      405 |        0      405 |      991 |     -996       -5
 E30   0 |   60677 |      232     -187 |        0     -187 |        4 |        4        8
 E31   0 |   60677 |      -37        8 |        0        8 |      -13 |        4       -9
 E33   0 |   60677 |      126     -135 |        0     -135 |        1 |        4        5
 E34   0 |   60677 |      246     -226 |        0     -226 |        7 |        4       11
 E36   0 |   60677 |      -81       85 |        0       85 |       -5 |        4       -1
 C06   0 |   60677 |      -44       30 |        0       30 |       16 |      -23       -7
 C07   0 |   60677 |     -287      361 |        0      361 |       10 |      -23      -14
 C08   0 |   60677 |     -136       77 |        0       77 |       28 |      -23        5
 C09   0 |   60677 |       89      -80 |        0      -80 |       18 |      -23       -5
 C10   0 |   60677 |      -47       41 |        0       41 |       25 |      -23        1
 C13   0 |   60677 |       36      -67 |        0      -67 |       36 |      -23       12
 C16   0 |   60677 |       17       10 |        0       10 |       31 |      -23        7
 C19   0 |   60677 |      191     -186 |        0     -186 |     -947 |      958       11
 C20   0 |   60677 |      161     -193 |        0     -193 |       45 |      -42        3
 C21   0 |   60677 |      108     -139 |        0     -139 |       41 |      -42       -1
 C22   0 |   60677 |       67      -16 |        0      -16 |       41 |      -42       -1
 C23   0 |   60677 |     -147      121 |        0      121 |       47 |      -42        5
 C24   0 |   60677 |      248     -230 |        0     -230 |       35 |      -42       -7
 C25   0 |   60677 |     -186      163 |        0      163 |       41 |      -42       -1
 C26   0 |   60677 |      109      -21 |        0      -21 |       33 |      -42       -9
 C27   0 |   60677 |     -194      260 |        0      260 |       38 |      -42       -4
 C28   0 |   60677 |       33      -27 |        0      -27 |       44 |      -42        2
 C29   0 |   60677 |     -116       68 |        0       68 |       47 |      -42        5
 C30   0 |   60677 |       62       -6 |        0       -6 |     1038 |    -1042       -4
 C32   0 |   60677 |       83      -54 |        0      -54 |       44 |      -42        2
 C33   0 |   60677 |      -12       26 |        0       26 |       48 |      -42        6
 C34   0 |   60677 |       28      -52 |        0      -52 |       44 |      -42        2
 C35   0 |   60677 |      275     -200 |        0     -200 |       28 |      -42      -14
 C36   0 |   60677 |       58      -29 |        0      -29 |       45 |      -42        3
 C37   0 |   60677 |       -4      -36 |        0      -36 |       56 |      -42       14
 C38   0 |   60677 |     -189      163 |        0      163 |       53 |      -42       11
 C39   0 |   60677 |      -54       62 |        0       62 |       40 |      -42       -2
 C40   0 |   60677 |     -546      388 |        0      388 |       51 |      -42        9
 C41   0 |   60677 |     -342      288 |        0      288 |     1028 |    -1042      -14
 C42   0 |   60677 |      121     -138 |        0     -138 |       37 |      -42       -5
 C43   0 |   60677 |     -150       69 |        0       69 |       46 |      -42        4
 C44   0 |   60677 |      351     -317 |        0     -317 |     -970 |      958      -12
 C45   0 |   60677 |       46       35 |        0       35 |       38 |      -42       -4
---------+---------+-------------------+-------------------+----------+------------------

3. RESULTS OF DUAL-FREQUENCY IRC ALIGNMENT
---------+---------+-------------------+-------------------+-------------------+------------------
 PRN FRQ | A MJDAY |   NL_UPD      IRC |  NL_CORR IRC_RESI |   NL_UPD      IRC |  NL_CORR IRC_RESI
         |         |     (ps)     (ps) |     (ps)     (ps) |    (mcy)    (mcy) |    (mcy)    (mcy)
---------+---------+-------------------+-------------------+-------------------+------------------
 G02   0 |   60677 |       -4      -89 |      -89        0 |      -11     -249 |     -249        0
 G03   0 |   60677 |     -253      269 |      268        1 |     -708      755 |      751        4
 G04   0 |   60677 |       33      -84 |      -89        5 |       93     -235 |     -249       14
 G05   0 |   60677 |      -14       86 |      100      -14 |      -39      241 |      281      -40
 G06   0 |   60677 |       65      -80 |      -89        8 |      183     -225 |     -249       24
 G07   0 |   60677 |       93      -85 |      -89        4 |      261     -237 |     -249       12
 G08   0 |   60677 |      -21      -95 |      -89       -7 |      -58     -267 |     -249      -19
 G09   0 |   60677 |       69      -93 |      -89       -4 |      193     -261 |     -249      -12
 G10   0 |   60677 |       47      -88 |      -89        1 |      133     -246 |     -249        2
 G11   0 |   60677 |       67      -82 |      -89        7 |      188     -229 |     -249       20
 G12   0 |   60677 |        6      107 |      100        7 |       17      301 |      281       20
 G13   0 |   60677 |      296     -266 |     -257       -9 |      830     -745 |     -719      -26
 G14   0 |   60677 |      131      -80 |      -89        9 |      366     -223 |     -249       25
 G15   0 |   60677 |      -14      102 |      100        1 |      -38      285 |      281        4
 G16   0 |   60677 |       14      -91 |      -89       -2 |       38     -254 |     -249       -5
 G17   0 |   60677 |       41      -85 |      -89        4 |      116     -238 |     -249       11
 G18   0 |   60677 |      139      -89 |      -89       -1 |      388     -250 |     -249       -2
 G19   0 |   60677 |     -250      276 |      268        8 |     -701      775 |      751       24
 G20   0 |   60677 |       76      -90 |      -89       -2 |      213     -253 |     -249       -5
 G21   0 |   60677 |      -74       80 |       79        1 |     -208      225 |      222        3
 G23   0 |   60677 |      -61       97 |      100       -3 |     -171      273 |      281       -8
 G24   0 |   60677 |      161      -76 |      -89       13 |      450     -212 |     -249       36
 G25   0 |   60677 |     -243      270 |      268        2 |     -680      757 |      751        6
 G26   0 |   60677 |      343     -449 |     -446       -4 |      962    -1260 |    -1249      -11
 G27   0 |   60677 |     -138       91 |      100       -9 |     -388      255 |      281      -26
 G28   0 |   60677 |     -208      266 |      268       -2 |     -584      745 |      751       -7
 G29   0 |   60677 |      144     -103 |      -89      -15 |      403     -290 |     -249      -41
 G30   0 |   60677 |       85      -87 |      -89        2 |      239     -243 |     -249        6
 G31   0 |   60677 |       42      -96 |      -89       -7 |      118     -268 |     -249      -20
 G32   0 |   60677 |       75      -86 |      -89        3 |      211     -240 |     -249        9
 E02   0 |   60677 |       -7       39 |       33        7 |      -20      109 |       91       18
 E03   0 |   60677 |      -33       17 |       14        2 |      -92       46 |       39        6
 E04   0 |   60677 |       74       33 |       33        0 |      204       90 |       91        0
 E05   0 |   60677 |       -5       20 |       33      -13 |      -14       56 |       91      -35
 E06   0 |   60677 |       58       28 |       33       -5 |      158       78 |       91      -13
 E07   0 |   60677 |      254     -308 |     -312        4 |      699     -846 |     -858       12
 E08   0 |   60677 |      -22       37 |       33        4 |      -61      101 |       91       10
 E09   0 |   60677 |       51       25 |       33       -8 |      140       70 |       91      -21
 E10   0 |   60677 |      -11       37 |       33        4 |      -29      101 |       91       10
 E11   0 |   60677 |      100       35 |       33        2 |      274       95 |       91        5
 E12   0 |   60677 |     -206       48 |       52       -3 |     -568      133 |      142       -9
 E13   0 |   60677 |      -84       33 |       33        0 |     -232       90 |       91        0
 E15   0 |   60677 |      -32       38 |       33        5 |      -89      104 |       91       14
 E19   0 |   60677 |     -112       38 |       33        5 |     -308      103 |       91       13
 E21   0 |   60677 |     -105       22 |       33      -11 |     -289       61 |       91      -30
 E24   0 |   60677 |      -37       38 |       33        5 |     -101      104 |       91       13
 E25   0 |   60677 |      -29       38 |       33        5 |      -79      105 |       91       14
 E26   0 |   60677 |      356     -329 |     -330        2 |      980     -905 |     -909        4
 E27   0 |   60677 |     -131       32 |       33        0 |     -361       89 |       91       -1
 E29   0 |   60677 |      -29       51 |       52        0 |      -81      141 |      142       -1
 E30   0 |   60677 |      -88       37 |       33        4 |     -243      101 |       91       11
 E31   0 |   60677 |       -7       34 |       33        1 |      -19       95 |       91        4
 E33   0 |   60677 |      358     -335 |     -330       -4 |      985     -922 |     -909      -12
 E34   0 |   60677 |      326     -331 |     -330        0 |      896     -910 |     -909       -1
 E36   0 |   60677 |      -43       29 |       33       -4 |     -117       79 |       91      -11
 C06   0 |   60677 |      -24       47 |       33       15 |      -68      134 |       92       41
 C07   0 |   60677 |       98     -325 |     -321       -4 |      277     -919 |     -908      -11
 C08   0 |   60677 |      126       21 |       33      -11 |      357       61 |       92      -32
 C09   0 |   60677 |      -72       29 |       33       -4 |     -203       83 |       92      -10
 C10   0 |   60677 |      -13       30 |       33       -3 |      -38       84 |       92       -8
 C13   0 |   60677 |       84       27 |       33       -5 |      239       77 |       92      -15
 C16   0 |   60677 |      -75       45 |       33       13 |     -211      128 |       92       36
 C19   0 |   60677 |      198     -167 |     -174        7 |      560     -472 |     -493       20
 C20   0 |   60677 |       28       58 |       61       -2 |       79      165 |      172       -7
 C21   0 |   60677 |       12       37 |       61      -24 |       33      104 |      172      -68
 C22   0 |   60677 |      168     -273 |     -293       20 |      475     -772 |     -828       57
 C23   0 |   60677 |       20       62 |       61        2 |       56      177 |      172        5
 C24   0 |   60677 |     -130       71 |       61       10 |     -369      200 |      172       28
 C25   0 |   60677 |       -9       66 |       61        6 |      -25      188 |      172       16
 C26   0 |   60677 |       50     -272 |     -293       20 |      140     -770 |     -828       58
 C27   0 |   60677 |      121     -279 |     -293       13 |      342     -790 |     -828       38
 C28   0 |   60677 |      -68       53 |       61       -8 |     -191      151 |      172      -21
 C29   0 |   60677 |       73       76 |       61       16 |      206      216 |      172       44
 C30   0 |   60677 |      264     -397 |     -411       15 |      746    -1122 |    -1164       41
 C32   0 |   60677 |      230     -284 |     -293        8 |      652     -804 |     -828       24
 C33   0 |   60677 |      -72       55 |       61       -6 |     -204      156 |      172      -16
 C34   0 |   60677 |     -346      383 |      414      -31 |     -980     1085 |     1172      -87
 C35   0 |   60677 |       65     -284 |     -293        8 |      184     -805 |     -828       23
 C36   0 |   60677 |     -119       61 |       61        1 |     -337      174 |      172        2
 C37   0 |   60677 |       84       54 |       61       -7 |      236      153 |      172      -19
 C38   0 |   60677 |     -315      415 |      414        1 |     -890     1175 |     1172        3
 C39   0 |   60677 |      266     -283 |     -293       10 |      753     -800 |     -828       28
 C40   0 |   60677 |       -7      389 |      414      -25 |      -19     1100 |     1172      -71
 C41   0 |   60677 |      139      -63 |      -58       -5 |      395     -177 |     -164      -13
 C42   0 |   60677 |      -37       63 |       61        3 |     -104      179 |      172        7
 C43   0 |   60677 |     -207      403 |      414      -11 |     -586     1141 |     1172      -30
 C44   0 |   60677 |     -302      156 |      179      -23 |     -855      442 |      507      -65
 C45   0 |   60677 |       84     -292 |     -293        1 |      238     -825 |     -828        3
---------+---------+-------------------+-------------------+-------------------+------------------

4. CORRECTIONS FOR CODE/PHASE BIASES
---------+---------+-------------------
 PRN FRQ | A MJDAY | OCB_CORR OPB_CORR 
         |         |     (ps)     (ps) 
---------+---------+-------------------
 G02   1 |   60677 |        0     -110
 G03   1 |   60677 |        0      525
 G04   1 |   60677 |        0     -110
 G05   1 |   60677 |        0    -2014
 G06   1 |   60677 |        0     -110
 G07   1 |   60677 |        0     -110
 G08   1 |   60677 |        0     -110
 G09   1 |   60677 |        0     -110
 G10   1 |   60677 |        0     -110
 G11   1 |   60677 |        0     -110
 G12   1 |   60677 |        0    -2014
 G13   1 |   60677 |        0    -2649
 G14   1 |   60677 |        0     -110
 G15   1 |   60677 |        0    -2014
 G16   1 |   60677 |        0     -110
 G17   1 |   60677 |        0     -110
 G18   1 |   60677 |        0     -110
 G19   1 |   60677 |        0      525
 G20   1 |   60677 |        0     -110
 G21   1 |   60677 |        0     2429
 G23   1 |   60677 |        0    -2014
 G24   1 |   60677 |        0     -110
 G25   1 |   60677 |        0      525
 G26   1 |   60677 |        0     -744
 G27   1 |   60677 |        0    -2014
 G28   1 |   60677 |        0      525
 G29   1 |   60677 |        0     -110
 G30   1 |   60677 |        0     -110
 G31   1 |   60677 |        0     -110
 G32   1 |   60677 |        0     -110
 E02   1 |   60677 |        0       50
 E03   1 |   60677 |        0    -1854
 E04   1 |   60677 |        0       50
 E05   1 |   60677 |        0       50
 E06   1 |   60677 |        0       50
 E07   1 |   60677 |        0     1320
 E08   1 |   60677 |        0       50
 E09   1 |   60677 |        0       50
 E10   1 |   60677 |        0       50
 E11   1 |   60677 |        0       50
 E12   1 |   60677 |        0     1954
 E13   1 |   60677 |        0       50
 E15   1 |   60677 |        0       50
 E19   1 |   60677 |        0       50
 E21   1 |   60677 |        0       50
 E24   1 |   60677 |        0       50
 E25   1 |   60677 |        0       50
 E26   1 |   60677 |        0     -585
 E27   1 |   60677 |        0       50
 E29   1 |   60677 |        0     1954
 E30   1 |   60677 |        0       50
 E31   1 |   60677 |        0       50
 E33   1 |   60677 |        0     -585
 E34   1 |   60677 |        0     -585
 E36   1 |   60677 |        0       50
 C06   2 |   60677 |        0      124
 C07   2 |   60677 |        0     -516
 C08   2 |   60677 |        0      124
 C09   2 |   60677 |        0      124
 C10   2 |   60677 |        0      124
 C13   2 |   60677 |        0      124
 C16   2 |   60677 |        0      124
 C19   2 |   60677 |        0    -2976
 C20   2 |   60677 |        0      226
 C21   2 |   60677 |        0      226
 C22   2 |   60677 |        0     -414
 C23   2 |   60677 |        0      226
 C24   2 |   60677 |        0      226
 C25   2 |   60677 |        0      226
 C26   2 |   60677 |        0     -414
 C27   2 |   60677 |        0     -414
 C28   2 |   60677 |        0      226
 C29   2 |   60677 |        0      226
 C30   2 |   60677 |        0     2148
 C32   2 |   60677 |        0     -414
 C33   2 |   60677 |        0      226
 C34   2 |   60677 |        0      867
 C35   2 |   60677 |        0     -414
 C36   2 |   60677 |        0      226
 C37   2 |   60677 |        0      226
 C38   2 |   60677 |        0      867
 C39   2 |   60677 |        0     -414
 C40   2 |   60677 |        0      867
 C41   2 |   60677 |        0     2789
 C42   2 |   60677 |        0      226
 C43   2 |   60677 |        0      867
 C44   2 |   60677 |        0    -2336
 C45   2 |   60677 |        0     -414
 G02   2 |   60677 |        0     -123
 G03   2 |   60677 |        0      691
 G04   2 |   60677 |        0     -123
 G05   2 |   60677 |        0    -3382
 G06   2 |   60677 |        0     -123
 G07   2 |   60677 |        0     -123
 G08   2 |   60677 |        0     -123
 G09   2 |   60677 |        0     -123
 G10   2 |   60677 |        0     -123
 G11   2 |   60677 |        0     -123
 G12   2 |   60677 |        0    -3382
 G13   2 |   60677 |        0    -4196
 G14   2 |   60677 |        0     -123
 G15   2 |   60677 |        0    -3382
 G16   2 |   60677 |        0     -123
 G17   2 |   60677 |        0     -123
 G18   2 |   60677 |        0     -123
 G19   2 |   60677 |        0      691
 G20   2 |   60677 |        0     -123
 G21   2 |   60677 |        0     3950
 G23   2 |   60677 |        0    -3382
 G24   2 |   60677 |        0     -123
 G25   2 |   60677 |        0      691
 G26   2 |   60677 |        0     -938
 G27   2 |   60677 |        0    -3382
 G28   2 |   60677 |        0      691
 G29   2 |   60677 |        0     -123
 G30   2 |   60677 |        0     -123
 G31   2 |   60677 |        0     -123
 G32   2 |   60677 |        0     -123
 E02   5 |   60677 |        0       64
 E03   5 |   60677 |        0    -3336
 E04   5 |   60677 |        0       64
 E05   5 |   60677 |        0       64
 E06   5 |   60677 |        0       64
 E07   5 |   60677 |        0     2614
 E08   5 |   60677 |        0       64
 E09   5 |   60677 |        0       64
 E10   5 |   60677 |        0       64
 E11   5 |   60677 |        0       64
 E12   5 |   60677 |        0     3464
 E13   5 |   60677 |        0       64
 E15   5 |   60677 |        0       64
 E19   5 |   60677 |        0       64
 E21   5 |   60677 |        0       64
 E24   5 |   60677 |        0       64
 E25   5 |   60677 |        0       64
 E26   5 |   60677 |        0     -786
 E27   5 |   60677 |        0       64
 E29   5 |   60677 |        0     3464
 E30   5 |   60677 |        0       64
 E31   5 |   60677 |        0       64
 E33   5 |   60677 |        0     -786
 E34   5 |   60677 |        0     -786
 E36   5 |   60677 |        0       64
 C06   6 |   60677 |        0      171
 C07   6 |   60677 |        0     -617
 C08   6 |   60677 |        0      171
 C09   6 |   60677 |        0      171
 C10   6 |   60677 |        0      171
 C13   6 |   60677 |        0      171
 C16   6 |   60677 |        0      171
 C19   6 |   60677 |        0    -4418
 C20   6 |   60677 |        0      312
 C21   6 |   60677 |        0      312
 C22   6 |   60677 |        0     -477
 C23   6 |   60677 |        0      312
 C24   6 |   60677 |        0      312
 C25   6 |   60677 |        0      312
 C26   6 |   60677 |        0     -477
 C27   6 |   60677 |        0     -477
 C28   6 |   60677 |        0      312
 C29   6 |   60677 |        0      312
 C30   6 |   60677 |        0     3465
 C32   6 |   60677 |        0     -477
 C33   6 |   60677 |        0      312
 C34   6 |   60677 |        0     1100
 C35   6 |   60677 |        0     -477
 C36   6 |   60677 |        0      312
 C37   6 |   60677 |        0      312
 C38   6 |   60677 |        0     1100
 C39   6 |   60677 |        0     -477
 C40   6 |   60677 |        0     1100
 C41   6 |   60677 |        0     4253
 C42   6 |   60677 |        0      312
 C43   6 |   60677 |        0     1100
 C44   6 |   60677 |        0    -3630
 C45   6 |   60677 |        0     -477
 G02   5 |   60677 |        0        0
 G03   5 |   60677 |        0        0
 G04   5 |   60677 |        0        0
 G05   5 |   60677 |        0        0
 G06   5 |   60677 |        0        0
 G07   5 |   60677 |        0        0
 G08   5 |   60677 |        0        0
 G09   5 |   60677 |        0        0
 G10   5 |   60677 |        0        0
 G11   5 |   60677 |        0        0
 G12   5 |   60677 |        0        0
 G13   5 |   60677 |        0        0
 G14   5 |   60677 |        0        0
 G15   5 |   60677 |        0        0
 G16   5 |   60677 |        0        0
 G17   5 |   60677 |        0        0
 G18   5 |   60677 |        0        0
 G19   5 |   60677 |        0        0
 G20   5 |   60677 |        0        0
 G21   5 |   60677 |        0        0
 G23   5 |   60677 |        0        0
 G24   5 |   60677 |        0        0
 G25   5 |   60677 |        0        0
 G26   5 |   60677 |        0        0
 G27   5 |   60677 |        0        0
 G28   5 |   60677 |        0        0
 G29   5 |   60677 |        0        0
 G30   5 |   60677 |        0        0
 G31   5 |   60677 |        0        0
 G32   5 |   60677 |        0        0
 E02   6 |   60677 |        0        0
 E03   6 |   60677 |        0        0
 E04   6 |   60677 |        0        0
 E05   6 |   60677 |        0        0
 E06   6 |   60677 |        0        0
 E07   6 |   60677 |        0        0
 E08   6 |   60677 |        0        0
 E09   6 |   60677 |        0        0
 E10   6 |   60677 |        0        0
 E11   6 |   60677 |        0        0
 E12   6 |   60677 |        0        0
 E13   6 |   60677 |        0        0
 E15   6 |   60677 |        0        0
 E19   6 |   60677 |        0        0
 E21   6 |   60677 |        0        0
 E24   6 |   60677 |        0        0
 E25   6 |   60677 |        0        0
 E26   6 |   60677 |        0        0
 E27   6 |   60677 |        0        0
 E29   6 |   60677 |        0        0
 E30   6 |   60677 |        0        0
 E31   6 |   60677 |        0        0
 E33   6 |   60677 |        0        0
 E34   6 |   60677 |        0        0
 E36   6 |   60677 |        0        0
 C06   7 |   60677 |        0        0
 C07   7 |   60677 |        0        0
 C08   7 |   60677 |        0        0
 C09   7 |   60677 |        0        0
 C10   7 |   60677 |        0        0
 C13   7 |   60677 |        0        0
 C16   7 |   60677 |        0        0
 C19   7 |   60677 |        0        0
 C20   7 |   60677 |        0        0
 C21   7 |   60677 |        0        0
 C22   7 |   60677 |        0        0
 C23   7 |   60677 |        0        0
 C24   7 |   60677 |        0        0
 C25   7 |   60677 |        0        0
 C26   7 |   60677 |        0        0
 C27   7 |   60677 |        0        0
 C28   7 |   60677 |        0        0
 C29   7 |   60677 |        0        0
 C30   7 |   60677 |        0        0
 C32   7 |   60677 |        0        0
 C33   7 |   60677 |        0        0
 C34   7 |   60677 |        0        0
 C35   7 |   60677 |        0        0
 C36   7 |   60677 |        0        0
 C37   7 |   60677 |        0        0
 C38   7 |   60677 |        0        0
 C39   7 |   60677 |        0        0
 C40   7 |   60677 |        0        0
 C41   7 |   60677 |        0        0
 C42   7 |   60677 |        0        0
 C43   7 |   60677 |        0        0
 C44   7 |   60677 |        0        0
 C45   7 |   60677 |        0        0
---------+---------+-------------------
